// Jest Snapshot v1, https://goo.gl/fbAQLP

exports[`matches the snapshot 1`] = `
<form
  className="app__input__form"
  onSubmit={[Function]}
>
  <label>
    Name
  </label>
  <input
    id="name-input"
    onChange={[Function]}
    placeholder="Name"
    required={true}
    type="text"
  />
  <label>
    Email
  </label>
  <input
    id="email-input"
    onChange={[Function]}
    placeholder="Email"
    required={true}
    type="email"
  />
  <label>
    Rating
  </label>
  <div
    id="app__form__rating"
  >
    <span
      className="star"
      id="1"
      onClick={[Function]}
      onMouseEnter={[Function]}
      onMouseLeave={[Function]}
    >
      ☆
    </span>
    <span
      className="star"
      id="2"
      onClick={[Function]}
      onMouseEnter={[Function]}
      onMouseLeave={[Function]}
    >
      ☆
    </span>
    <span
      className="star"
      id="3"
      onClick={[Function]}
      onMouseEnter={[Function]}
      onMouseLeave={[Function]}
    >
      ☆
    </span>
    <span
      className="star"
      id="4"
      onClick={[Function]}
      onMouseEnter={[Function]}
      onMouseLeave={[Function]}
    >
      ☆
    </span>
    <span
      className="star"
      id="5"
      onClick={[Function]}
      onMouseEnter={[Function]}
      onMouseLeave={[Function]}
    >
      ☆
    </span>
  </div>
  <label>
    Comment
  </label>
  <textarea
    id="comment-input"
    onChange={[Function]}
    placeholder="Comment"
    required={true}
    type="text"
  />
  <button
    type="submit"
  >
    Submit
  </button>
</form>
`;
